  Determining projects to restore...
  All projects are up-to-date for restore.
C:\Projects\CasaDePedra-Copacabana\DateRangePickerService\Reservation.cs(24,219): warning CS8625: Cannot convert null literal to non-nullable reference type. [C:\Projects\CasaDePedra-Copacabana\DateRangePickerService\ShortTermReservationFunctionApp.csproj]
C:\Projects\CasaDePedra-Copacabana\DateRangePickerService\Reservation.cs(24,237): warning CS8625: Cannot convert null literal to non-nullable reference type. [C:\Projects\CasaDePedra-Copacabana\DateRangePickerService\ShortTermReservationFunctionApp.csproj]
C:\Projects\CasaDePedra-Copacabana\DateRangePickerService\Reservation.cs(144,63): error CS0103: The name 'reservationId' does not exist in the current context [C:\Projects\CasaDePedra-Copacabana\DateRangePickerService\ShortTermReservationFunctionApp.csproj]

Build FAILED.

C:\Projects\CasaDePedra-Copacabana\DateRangePickerService\Reservation.cs(24,219): warning CS8625: Cannot convert null literal to non-nullable reference type. [C:\Projects\CasaDePedra-Copacabana\DateRangePickerService\ShortTermReservationFunctionApp.csproj]
C:\Projects\CasaDePedra-Copacabana\DateRangePickerService\Reservation.cs(24,237): warning CS8625: Cannot convert null literal to non-nullable reference type. [C:\Projects\CasaDePedra-Copacabana\DateRangePickerService\ShortTermReservationFunctionApp.csproj]
C:\Projects\CasaDePedra-Copacabana\DateRangePickerService\Reservation.cs(144,63): error CS0103: The name 'reservationId' does not exist in the current context [C:\Projects\CasaDePedra-Copacabana\DateRangePickerService\ShortTermReservationFunctionApp.csproj]
    2 Warning(s)
    1 Error(s)

Time Elapsed 00:00:01.29
